False
Chet was Added
They are player number 1
Pat was Added
They are player number 2
Sue was Added
They are player number 3
Chet is the current player
They have rolled a 1
Chet's new location is 1
The category is Science
Science Question 0
Chet is the current player
They have rolled a 1
Chet's new location is 2
The category is Sports
Sports Question 0
Chet is the current player
They have rolled a 1
Chet's new location is 3
The category is Rock
Rock Question 0
Chet is the current player
They have rolled a 1
Chet's new location is 4
The category is Pop
Pop Question 0
Chet is the current player
They have rolled a 1
Chet's new location is 5
The category is Science
Science Question 1
Chet is the current player
They have rolled a 1
Chet's new location is 6
The category is Sports
Sports Question 1
Chet is the current player
They have rolled a 1
Chet's new location is 7
The category is Rock
Rock Question 1
Chet is the current player
They have rolled a 1
Chet's new location is 8
The category is Pop
Pop Question 1
Chet is the current player
They have rolled a 1
Chet's new location is 9
The category is Science
Science Question 2
Chet is the current player
They have rolled a 1
Chet's new location is 10
The category is Sports
Sports Question 2
Chet is the current player
They have rolled a 1
Chet's new location is 11
The category is Rock
Rock Question 2
Chet is the current player
They have rolled a 1
Chet's new location is 0
The category is Pop
Pop Question 2
Chet is the current player
They have rolled a 1
Chet's new location is 1
The category is Science
Science Question 3
Chet is the current player
They have rolled a 1
Chet's new location is 2
The category is Sports
Sports Question 3
Answer was correct!!!!
Chet now has 1 Gold Coins.
Question was incorrectly answered
Pat was sent to the penalty box
Sue is the current player
They have rolled a 2
Sue's new location is 2
The category is Sports
Sports Question 4
Sue is the current player
They have rolled a 6
Sue's new location is 8
The category is Pop
Pop Question 3
Question was incorrectly answered
Sue was sent to the penalty box
Chet is the current player
They have rolled a 2
Chet's new location is 4
The category is Pop
Pop Question 4
Chet is the current player
They have rolled a 2
Chet's new location is 6
The category is Sports
Sports Question 5
Question was incorrectly answered
Chet was sent to the penalty box
Sue is the current player
They have rolled a 1
Sue is getting out of the penalty box
Sue's new location is 9
The category is Science
Science Question 4
Answer was correct!!!!
Sue now has 1 Gold Coins.
